[templates.hibootstrap.com/fela/default/index.html]
[templates.hibootstrap.com/fela/default/assets/css/bootstrap.min.css]
[templates.hibootstrap.com/fela/default/assets/css/flaticon.css]
[templates.hibootstrap.com/fela/default/assets/css/remixicon.css]
[templates.hibootstrap.com/fela/default/assets/css/owl.carousel.min.css]
[templates.hibootstrap.com/fela/default/assets/css/fancybox.css]
[templates.hibootstrap.com/fela/default/assets/css/jquery-ui-min.css]
[templates.hibootstrap.com/fela/default/assets/css/odometer.min.css]
[templates.hibootstrap.com/fela/default/assets/css/aos.css]
[templates.hibootstrap.com/fela/default/assets/css/style.css]
[templates.hibootstrap.com/fela/default/assets/css/responsive.css]
[backblue.gif]
[fade.gif]
[index.html]
[templates.hibootstrap.com/fela/default/assets/css/dark-theme.css]
[templates.hibootstrap.com/fela/default/assets/img/favicon.png]
[templates.hibootstrap.com/fela/default/assets/img/logo.png]
[templates.hibootstrap.com/fela/default/assets/img/logo-white.png]
[templates.hibootstrap.com/fela/default/index-2.html]
[templates.hibootstrap.com/fela/default/index-3.html]
[templates.hibootstrap.com/fela/default/about.html]
[templates.hibootstrap.com/fela/default/listings-one.html]
[templates.hibootstrap.com/fela/default/listings-two.html]
[templates.hibootstrap.com/fela/default/listing-details.html]
[templates.hibootstrap.com/fela/default/agents.html]
[templates.hibootstrap.com/fela/default/agent-details.html]
[templates.hibootstrap.com/fela/default/how-it-works.html]
[templates.hibootstrap.com/fela/default/faq.html]
[templates.hibootstrap.com/fela/default/testimonials.html]
[templates.hibootstrap.com/fela/default/terms-of-service.html]
[templates.hibootstrap.com/fela/default/privacy-policy.html]
[templates.hibootstrap.com/fela/default/error-404.html]
[templates.hibootstrap.com/fela/default/blog.html]
[templates.hibootstrap.com/fela/default/blog-details-no-sidebar.html]
[templates.hibootstrap.com/fela/default/blog-details-left-sidebar.html]
[templates.hibootstrap.com/fela/default/blog-details-right-sidebar.html]
[templates.hibootstrap.com/fela/default/contact.html]
[templates.hibootstrap.com/fela/default/assets/img/clients/client-1.jpg]
[templates.hibootstrap.com/fela/default/assets/img/clients/client-2.jpg]
[templates.hibootstrap.com/fela/default/assets/img/clients/client-3.jpg]
[templates.hibootstrap.com/fela/default/assets/img/clients/client-4.jpg]
[templates.hibootstrap.com/fela/default/assets/img/hero/hero-shape-2.png]
[templates.hibootstrap.com/fela/default/assets/img/property/property-20.jpg]
[templates.hibootstrap.com/fela/default/assets/img/property/property-21.jpg]
[templates.hibootstrap.com/fela/default/assets/img/property/property-22.jpg]
[templates.hibootstrap.com/fela/default/assets/img/property/property-29.jpg]
[templates.hibootstrap.com/fela/default/assets/img/how-it-works/hw-shape-1.png]
[templates.hibootstrap.com/fela/default/assets/img/how-it-works/hw-1.png]
[templates.hibootstrap.com/fela/default/assets/img/how-it-works/hw-2.png]
[templates.hibootstrap.com/fela/default/assets/img/how-it-works/hw-3.png]
[templates.hibootstrap.com/fela/default/assets/img/add-listing-shape.png]
[templates.hibootstrap.com/fela/default/assets/img/counter-card-shape-1.png]
[templates.hibootstrap.com/fela/default/assets/img/city/city-20.jpg]
[templates.hibootstrap.com/fela/default/assets/img/city/city-21.jpg]
[templates.hibootstrap.com/fela/default/assets/img/city/city-22.jpg]
[templates.hibootstrap.com/fela/default/assets/img/city/city-23.jpg]
[templates.hibootstrap.com/fela/default/assets/img/city/city-24.jpg]
[templates.hibootstrap.com/fela/default/assets/img/clients/client-5.jpg]
[templates.hibootstrap.com/fela/default/assets/img/property/property-26.jpg]
[templates.hibootstrap.com/fela/default/assets/img/property/property-27.jpg]
[templates.hibootstrap.com/fela/default/assets/img/property/property-28.jpg]
[templates.hibootstrap.com/fela/default/assets/img/property/property-25.jpg]
[templates.hibootstrap.com/fela/default/assets/img/property/property-1.jpg]
[templates.hibootstrap.com/fela/default/assets/img/property/property-2.jpg]
[templates.hibootstrap.com/fela/default/assets/img/faq-img-2.png]
[templates.hibootstrap.com/fela/default/assets/img/newsletter-shape-1.png]
[templates.hibootstrap.com/fela/default/assets/img/footer-map.png]
[templates.hibootstrap.com/fela/default/assets/img/uk.png]
[templates.hibootstrap.com/fela/default/assets/img/china.png]
[templates.hibootstrap.com/fela/default/assets/img/uae.png]
[templates.hibootstrap.com/fela/default/assets/js/jquery.min.js]
[templates.hibootstrap.com/fela/default/assets/js/bootstrap.bundle.min.js]
[templates.hibootstrap.com/fela/default/assets/js/form-validator.min.js]
[templates.hibootstrap.com/fela/default/assets/js/contact-form-script.js]
[templates.hibootstrap.com/fela/default/assets/js/aos.js]
[templates.hibootstrap.com/fela/default/assets/js/owl.carousel.min.js]
[templates.hibootstrap.com/fela/default/assets/js/jquery-ui-min.js]
[templates.hibootstrap.com/fela/default/assets/js/odometer.min.js]
[templates.hibootstrap.com/fela/default/assets/js/fancybox.js]
[templates.hibootstrap.com/fela/default/assets/js/jquery.appear.js]
[templates.hibootstrap.com/fela/default/assets/js/tweenmax.min.js]
[templates.hibootstrap.com/fela/default/index.html]
[templates.hibootstrap.com/fela/default/assets/css/bootstrap.min.css]
[templates.hibootstrap.com/fela/default/assets/js/main.js]
[templates.hibootstrap.com/fela/default/assets/fonts/flaticondddb.ttf]
[templates.hibootstrap.com/fela/default/assets/fonts/flaticondddb.woff]
[templates.hibootstrap.com/fela/default/assets/fonts/flaticondddb.woff2]
[templates.hibootstrap.com/fela/default/assets/fonts/flaticondddb.eot]
[templates.hibootstrap.com/fela/default/assets/css/flaticon.css]
[templates.hibootstrap.com/fela/default/assets/fonts/flaticondddb.svg]
[templates.hibootstrap.com/fela/default/assets/fonts/remixicondf6d.eot]
[templates.hibootstrap.com/fela/default/assets/fonts/remixicondf6d.woff2]
[templates.hibootstrap.com/fela/default/assets/fonts/remixicondf6d.woff]
[templates.hibootstrap.com/fela/default/assets/fonts/remixicondf6d.ttf]
[templates.hibootstrap.com/fela/default/assets/css/remixicon.css]
[templates.hibootstrap.com/fela/default/assets/css/owl.video.play.png]
[templates.hibootstrap.com/fela/default/assets/css/owl.carousel.min.css]
[templates.hibootstrap.com/fela/default/assets/css/fancybox.css]
[templates.hibootstrap.com/fela/default/assets/fonts/remixicondf6d.svg]
[templates.hibootstrap.com/fela/default/assets/css/images/ui-icons_444444_256x240.png]
[templates.hibootstrap.com/fela/default/assets/css/images/ui-icons_555555_256x240.png]
[templates.hibootstrap.com/fela/default/assets/css/images/ui-icons_ffffff_256x240.png]
[templates.hibootstrap.com/fela/default/assets/css/images/ui-icons_777620_256x240.png]
[templates.hibootstrap.com/fela/default/assets/css/images/ui-icons_cc0000_256x240.png]
[templates.hibootstrap.com/fela/default/assets/css/images/ui-icons_777777_256x240.png]
[templates.hibootstrap.com/fela/default/assets/css/jquery-ui-min.css]
[templates.hibootstrap.com/fela/default/assets/css/odometer.min.css]
[templates.hibootstrap.com/fela/default/assets/css/aos.css]
[templates.hibootstrap.com/fela/default/assets/img/down-arrow.png]
[templates.hibootstrap.com/fela/default/assets/img/breadcrumb/breadcrumb-1.jpg]
[templates.hibootstrap.com/fela/default/assets/img/breadcrumb/breadcrumb-2.jpg]
[templates.hibootstrap.com/fela/default/assets/img/breadcrumb/breadcrumb-3.jpg]
[templates.hibootstrap.com/fela/default/assets/img/breadcrumb/breadcrumb-4.jpg]
[templates.hibootstrap.com/fela/default/assets/img/signup-bg.jpg]
[templates.hibootstrap.com/fela/default/assets/img/hero/hero-bg-1.jpg]
[templates.hibootstrap.com/fela/default/assets/img/hero/hero-slider-1.jpg]
[templates.hibootstrap.com/fela/default/assets/img/hero/hero-slider-2.jpg]
[templates.hibootstrap.com/fela/default/assets/img/hero/hero-slider-3.jpg]
[templates.hibootstrap.com/fela/default/assets/img/hero/hero-slider-4.jpg]
[templates.hibootstrap.com/fela/default/assets/img/hero/hero-slider-5.jpg]
[templates.hibootstrap.com/fela/default/assets/img/hero/hero-slider-6.jpg]
[templates.hibootstrap.com/fela/default/assets/img/about/about-img-3.jpg]
[templates.hibootstrap.com/fela/default/assets/img/about/about-img-4.jpg]
[templates.hibootstrap.com/fela/default/assets/img/about/about-img-5.jpg]
[templates.hibootstrap.com/fela/default/assets/img/about/about-img-6.jpg]
[templates.hibootstrap.com/fela/default/assets/img/add-listing-bg.jpg]
[templates.hibootstrap.com/fela/default/assets/img/promo-video-bg.jpg]
[templates.hibootstrap.com/fela/default/assets/img/promo-video-bg-2.jpg]
[templates.hibootstrap.com/fela/default/assets/img/promo-video-bg-3.jpg]
[templates.hibootstrap.com/fela/default/assets/img/promo-video-bg-4.jpg]
[templates.hibootstrap.com/fela/default/assets/css/style.css]
[templates.hibootstrap.com/fela/default/assets/css/responsive.css]
[templates.hibootstrap.com/fela/default/assets/img/night.png]
[templates.hibootstrap.com/fela/default/assets/img/sunny.png]
[templates.hibootstrap.com/fela/default/assets/img/down-arrow-white.png]
[templates.hibootstrap.com/fela/default/assets/css/dark-theme.css]
[templates.hibootstrap.com/fela/default/assets/img/hero/shape-1.png]
[templates.hibootstrap.com/fela/default/assets/img/hero/house.png]
[templates.hibootstrap.com/fela/default/assets/img/property/property-14.jpg]
[templates.hibootstrap.com/fela/default/assets/img/property/property-15.jpg]
[templates.hibootstrap.com/fela/default/assets/img/property/property-16.jpg]
[templates.hibootstrap.com/fela/default/assets/img/property/property-10.jpg]
[templates.hibootstrap.com/fela/default/assets/img/property/property-11.jpg]
[templates.hibootstrap.com/fela/default/assets/img/property/property-7.jpg]
[templates.hibootstrap.com/fela/default/assets/img/property/property-8.jpg]
[templates.hibootstrap.com/fela/default/assets/img/property/property-3.jpg]
[templates.hibootstrap.com/fela/default/assets/img/property/property-9.jpg]
[templates.hibootstrap.com/fela/default/assets/img/property/property-17.jpg]
[templates.hibootstrap.com/fela/default/assets/img/property/property-4.jpg]
[templates.hibootstrap.com/fela/default/assets/img/property/property-13.jpg]
[templates.hibootstrap.com/fela/default/assets/img/property/property-12.jpg]
[templates.hibootstrap.com/fela/default/assets/img/property/property-5.jpg]
[templates.hibootstrap.com/fela/default/assets/img/property/property-18.jpg]
[templates.hibootstrap.com/fela/default/assets/img/property/property-6.jpg]
[templates.hibootstrap.com/fela/default/assets/img/property/property-19.jpg]
[templates.hibootstrap.com/fela/default/assets/img/property/property-23.jpg]
[templates.hibootstrap.com/fela/default/assets/img/about/shape-3.png]
[templates.hibootstrap.com/fela/default/assets/img/about/shape-1.png]
[templates.hibootstrap.com/fela/default/assets/img/about/shape-2.png]
[templates.hibootstrap.com/fela/default/assets/img/about/about-img-1.jpg]
[templates.hibootstrap.com/fela/default/assets/img/about/about-img-2.jpg]
[templates.hibootstrap.com/fela/default/assets/img/adv-1.png]
[templates.hibootstrap.com/fela/default/assets/img/adv-2.png]
[templates.hibootstrap.com/fela/default/assets/img/adv-3.png]
[templates.hibootstrap.com/fela/default/assets/img/about/simple-1.jpg]
[templates.hibootstrap.com/fela/default/assets/img/about/simple-2.jpg]
[templates.hibootstrap.com/fela/default/assets/img/about/simple-3.jpg]
[templates.hibootstrap.com/fela/default/assets/img/shape-2.png]
[templates.hibootstrap.com/fela/default/assets/img/city/city-1.jpg]
[templates.hibootstrap.com/fela/default/assets/img/city/city-2.jpg]
[templates.hibootstrap.com/fela/default/assets/img/city/city-3.jpg]
[templates.hibootstrap.com/fela/default/assets/img/city/city-4.jpg]
[templates.hibootstrap.com/fela/default/assets/img/city/city-5.jpg]
[templates.hibootstrap.com/fela/default/assets/img/city/city-6.jpg]
[templates.hibootstrap.com/fela/default/assets/img/city/city-7.jpg]
[templates.hibootstrap.com/fela/default/assets/img/city/city-8.jpg]
[templates.hibootstrap.com/fela/default/assets/img/shape-1.png]
[templates.hibootstrap.com/fela/default/assets/img/clients/client-6.jpg]
[templates.hibootstrap.com/fela/default/assets/img/faq-img-1.png]
[templates.hibootstrap.com/fela/default/index-2.html]
[templates.hibootstrap.com/fela/default/assets/img/city/city-shape-2.png]
[templates.hibootstrap.com/fela/default/assets/img/about/about-shape-3.png]
[templates.hibootstrap.com/fela/default/assets/img/property/property-32.jpg]
[templates.hibootstrap.com/fela/default/assets/img/faq-img-3.png]
[templates.hibootstrap.com/fela/default/assets/img/partner/partner-1.png]
[templates.hibootstrap.com/fela/default/assets/img/partner/partner-2.png]
[templates.hibootstrap.com/fela/default/assets/img/partner/partner-3.png]
[templates.hibootstrap.com/fela/default/assets/img/partner/partner-4.png]
[templates.hibootstrap.com/fela/default/assets/img/partner/partner-5.png]
[templates.hibootstrap.com/fela/default/assets/img/partner/partner-6.png]
[templates.hibootstrap.com/fela/default/index-3.html]
[templates.hibootstrap.com/fela/default/about.html]
[templates.hibootstrap.com/fela/default/listings-one.html]
[templates.hibootstrap.com/fela/default/assets/img/property/property-30.jpg]
[templates.hibootstrap.com/fela/default/assets/img/property/property-31.jpg]
[templates.hibootstrap.com/fela/default/listings-two.html]
[templates.hibootstrap.com/fela/default/assets/img/property/single-property-1.jpg]
[templates.hibootstrap.com/fela/default/assets/img/property/floor-plan.png]
[templates.hibootstrap.com/fela/default/assets/img/property/single-property-2.jpg]
[templates.hibootstrap.com/fela/default/assets/img/blog/post-thumb-1.jpg]
[templates.hibootstrap.com/fela/default/assets/img/blog/post-thumb-2.jpg]
[templates.hibootstrap.com/fela/default/assets/img/blog/post-thumb-3.jpg]
[templates.hibootstrap.com/fela/default/listings.html]
[templates.hibootstrap.com/fela/default/listing-details.html]
[templates.hibootstrap.com/cdn-cgi/scripts/5c5dd728/cloudflare-static/email-decode.min.js]
[templates.hibootstrap.com/fela/default/assets/img/agents/agent-1.jpg]
[templates.hibootstrap.com/fela/default/assets/img/agents/agent-2.jpg]
[templates.hibootstrap.com/fela/default/assets/img/agents/agent-3.jpg]
[templates.hibootstrap.com/fela/default/assets/img/agents/agent-4.jpg]
[templates.hibootstrap.com/fela/default/assets/img/agents/agent-5.jpg]
[templates.hibootstrap.com/fela/default/assets/img/agents/agent-6.jpg]
[templates.hibootstrap.com/fela/default/agents.html]
[templates.hibootstrap.com/fela/default/agent-details.html]
[templates.hibootstrap.com/fela/default/assets/img/how-it-works/hw-shape-2.png]
[templates.hibootstrap.com/fela/default/how-it-works.html]
[templates.hibootstrap.com/fela/default/faq.html]
[templates.hibootstrap.com/fela/default/testimonials.html]
[templates.hibootstrap.com/fela/default/terms-of-service.html]
[templates.hibootstrap.com/fela/default/privacy-policy.html]
[templates.hibootstrap.com/fela/default/assets/img/404.png]
[templates.hibootstrap.com/fela/default/error-404.html]
[templates.hibootstrap.com/fela/default/assets/img/blog/blog-1.jpg]
[templates.hibootstrap.com/fela/default/posts-by-date.html]
[templates.hibootstrap.com/fela/default/assets/img/blog/blog-2.jpg]
[templates.hibootstrap.com/fela/default/assets/img/blog/blog-3.jpg]
[templates.hibootstrap.com/fela/default/assets/img/blog/blog-4.jpg]
[templates.hibootstrap.com/fela/default/assets/img/blog/blog-5.jpg]
[templates.hibootstrap.com/fela/default/assets/img/blog/blog-6.jpg]
[templates.hibootstrap.com/fela/default/blog.html]
[templates.hibootstrap.com/fela/default/assets/img/blog/single-blog-1.jpg]
[templates.hibootstrap.com/fela/default/blog-details-no-sidebar.html]
[templates.hibootstrap.com/fela/default/posts-by-tag.html]
[templates.hibootstrap.com/fela/default/blog-details-left-sidebar.html]
[templates.hibootstrap.com/fela/default/blog-details-right-sidebar.html]
[templates.hibootstrap.com/fela/default/contact.html]
[templates.hibootstrap.com/fela/default/assets/fonts/flaticondddb.svg]
[templates.hibootstrap.com/fela/default/posts-by-category.html]
[templates.hibootstrap.com/fela/default/assets/fonts/remixicondf6d.svg]
[templates.hibootstrap.com/fela/default/assets/css/owl.video.play.html]
[templates.hibootstrap.com/fela/default/assets/css/images/ui-icons_444444_256x240.html]
[templates.hibootstrap.com/fela/default/assets/css/images/ui-icons_555555_256x240.html]
[templates.hibootstrap.com/fela/default/assets/css/images/ui-icons_ffffff_256x240.html]
[templates.hibootstrap.com/fela/default/assets/css/images/ui-icons_777620_256x240.html]
[templates.hibootstrap.com/fela/default/assets/css/images/ui-icons_cc0000_256x240.html]
[templates.hibootstrap.com/fela/default/assets/css/images/ui-icons_777777_256x240.html]
[templates.hibootstrap.com/fela/default/listings.html]
[templates.hibootstrap.com/fela/default/shop-left-sidebar.html]
[templates.hibootstrap.com/fela/default/refund-policy.html]
[templates.hibootstrap.com/fela/default/property-listings.html]
[templates.hibootstrap.com/fela/default/posts-by-date.html]
[templates.hibootstrap.com/fela/default/posts-by-tag.html]
[templates.hibootstrap.com/fela/default/posts-by-category.html]
[templates.hibootstrap.com/fela/default/shop-left-sidebar.html]
[templates.hibootstrap.com/fela/default/refund-policy.html]
[templates.hibootstrap.com/fela/default/property-listings.html]
